// Jest Snapshot v1, https://goo.gl/fbAQLP

exports[`Jest Migration (v14.0.0) should rename project jest.config.js to jest.config.ts 1`] = `
"module.exports = {
        
        transform: {
        '^.+\\\\\\\\\\\\\\\\.[tj]sx?$': 'babel-jest',
        },\\"preset\\": \\"../../../jest.preset.ts\\"
  }"
`;
